// Vitest Snapshot v1, https://vitest.dev/guide/snapshot.html

exports[`Homepage component > Renders homepage 1`] = `
<div>
  <p>
    Loading...
  </p>
</div>
`;
